// 重构日志: 614b8f71
// 重构日志: bb0ef63a
// 重构日志: 6a46f6f6
// 重构日志: 34b637d4
// 重构日志: 7ee675aa
// 重构日志: 9d5c0e03
// 重构日志: 79d37eef
// 重构日志: 859b6671
// 重构日志: 88e5f77b
// 同步 ID: 97f85059 @ Mon Jun 29 11:59:50 UTC 2026
// 同步 ID: 58cb4e05 @ Mon Jun 29 16:53:15 UTC 2026
// 重构日志: 96ddcac1
// 重构日志: 8dd26708
// 重构日志: 120879b2
// 同步 ID: 7fad933e @ Wed Jul  1 05:43:04 UTC 2026
// 同步 ID: 4a1a316b @ Wed Jul  1 14:29:42 UTC 2026
// 重构日志: 3f20bb96
// 同步 ID: 84530096 @ Thu Jul  2 09:14:05 UTC 2026
// 重构日志: a9492a98
// 重构日志: 61cfe5fe
// 同步 ID: eb868f70 @ Thu Jul  2 19:31:30 UTC 2026
// 重构日志: 3e6049a1
// 同步 ID: 20646916 @ Sat Jul  4 08:39:10 UTC 2026
// 同步 ID: 2984167d @ Sun Jul  5 05:59:16 UTC 2026
// 重构日志: 461a8526
// 重构日志: e4f88904
// 同步 ID: 756cf6a0 @ Sun Jul  5 23:19:59 UTC 2026
// 同步 ID: 8d8687b1 @ Mon Jul  6 09:44:05 UTC 2026
// 重构日志: b414b3ee
// 同步 ID: 1f13b403 @ Wed Jul  8 04:55:48 UTC 2026
